arc
ATT_driver
bar
bar3d
CGA_driver
circle
cleardevice
clearviewport
closegraph
detectgraph
drawpoly
EGAVGA_driver
ellipse
fillellipse
fillpoly
floodfill
getarccoords
getaspectratio
getbkcolor
getcolor
getdefaultpalette
getdrivername
getfillpattern
getfillsettings
getgraphmode
getimage
getlinesettings
getmaxcolor
getmaxmode
getmaxx
getmaxy
getmodename
getmoderange
getpalette
getpalettesize
getpixel
gettextsettings
getviewsettings
getx
gety
gothic_font
graphdefaults
grapherrormsg
graphresult
Herc_driver
IBM8514_driver
imagesize
initgraph
installuserdriver
installuserfont
line
linerel
lineto
moverel
moveto
outtext
outtextxy
PC3270_driver
pieslice
putimage
putpixel
rectangle
registerfarbgidriver
registerfarbgifont
restorecrtmode
sansserif_font
sector
setactivepage
setallpalette
setaspectratio
setbkcolor
setblock
setcolor
setfillpattern
setfillstyle
setgraphbufsize
setgraphmode
setlinestyle
setpalette
setrgbpalette
settextjustify
settextstyle
setusercharsize
setviewport
setvisualpage
setwritemode
small_font
textheight
textwidth
triplex_font
_fpreset
_getchar
_setcursortype
